models/humans/female/group03/citizen_sheet
models/props_vehicles/car001a_02 
models/props_wasteland/prison_objects004_on 
models/roller/rollermine_normal 
models/combine_turrets/floor_turret/floor_turret_citizennormal 
models/combine_turrets/floor_turret/floor_turret_citizen4normal 
models/props_debris/concretedebris_chunk01 
models/props_pipes/concrete_pipe001a_02 
models/props_wasteland/wood_fence01a 
models/props_c17/door01a 
models/props_c17/door01a_skin3_normal 
models/props_c17/door01a_skin12_normal 
models/props_c17/door01a_skin13 
models/props_c17/door01a_skin14_normal 
models/props_c17/door01a_skin16 
models/combine_turrets/floor_turret/floor_turret_citizen_noalpha 
models/combine_turrets/floor_turret/floor_turret_citizen4_noalpha 
models/pigeon/pigeon_sheet 
models/seagull/seagull 
decals/rollermine_crater 
models/props_c17/door01a_skin2 
models/props_c17/door01a_skin3 
models/props_c17/door01a_skin4 
models/props_c17/door01a_skin5 
models/props_c17/door01a_skin6 
models/props_c17/door01a_skin7 
models/props_c17/door01a_skin9 
models/props_c17/door01a_skin10 
models/props_c17/door01a_skin11 
models/props_c17/door01a_skin12 
models/props_c17/door01a_skin14 
models/roller/rollermine_sheet 
models/roller/rollermine_hacked 
models/roller/rollermine_splode 
models/humans/male/group03/ted_facemap 
models/humans/female/group03/joey_facemap 
models/humans/male/group03/joe_facemap 
models/humans/female/group03/kanisha_cylmap 
models/humans/female/group03/kim_facemap 
models/humans/male/group03/art_facemap 
models/humans/female/group03/chau_facemap 
models/humans/male/group03/sandro_facemap 
models/humans/female/group03/naomi_facemap 
models/humans/male/group03/mike_facemap 
models/humans/female/group03/lakeetra_facemap 
models/humans/male/group03/erdim_cylmap 
models/humans/male/group01/erdim_cylmap 
models/humans/male/group03m/van_facemap 
models/humans/male/group03m/ted_facemap 
models/humans/female/group03m/joey_facemap 
models/humans/male/group03m/joe_facemap 
models/humans/female/group03m/kanisha_facemap 
models/humans/male/group03m/eric_facemap 
models/humans/female/group03m/kim_facemap 
models/humans/female/group03m/chau_facemap 
models/humans/male/group03m/sandro_facemap 
models/humans/female/group03m/naomi_facemap 
models/humans/male/group03m/mike_facemap 
models/humans/female/group03m/lakeetra_facemap 
models/humans/male/group03m/vance_facemap 
models/humans/male/group03m/erdim_facemap
particle/fastsidesprites/fastsidesprite128
models/weapons/v_physcannon/v_superphyscannon_sheet
models/weapons/w_physics/w_physics_sheet2
models/props_c17/furniture_detailprops001a
decals/decalborealispuddlemask001a
models/weapons/v_bugbait/bugbait_sheet
decals/extinguish1
decals/extinguish2
models/humans/male/group03/eric_facemap
models/weapons/w_package/package_sheet
models/combine_turrets/floor_turret/floor_turret_citizen_glow
decals/decalborealispuddlemask001a
effects/fisheyelens_normal
effects/comball/comball
sprites/steam1-
engine/lightsprite
models/gibs/metalgibs/metal_gibs
models/gibs/hgibs/skull1
models/gibs/hgibs/skull1_normal
models/weapons/v_bugbait/bugbait_sheet_normal
models/weapons/v_bugbait/bugbait_inside
models/weapons/w_bugbait/wbugbait_sheet
models/weapons/v_bugbait/bugbait_inside_normal
models/props_vehicles/van001b_01
models/props_vehicles/truck001c_02
models/props_foliage/tree_deciduous_01a_branches
models/props_junk/woodcrates02a

1024 models/props_foliage/arbre01
1024 particle/fire_particle_7/fire_particle_7
512 models/humans/corpse/corpse1
512 models/props_c17/furniturecouch001a
256 models/skeleton/skeleton
