models/humans/female/group03/citizen_sheet
models/humans/female/group01/citizen_sheet
models/props_vehicles/truck001c_02
models/combine_soldier/combinesoldier_shotgun_noalpha
models/props_silo/launchroomdisplayd
models/props_silo/wall_console1c
models/weapons/v_physcannon/v_superphyscannon_sheet
models/vortigaunt/vortigaunt_flow
models/props_vehicles/truck001c_02
models/props_foliage/tree_deciduous_01a_branches
models/props_silo/desk_console1b
models/props_silo/desk_console1c
models/props_c17/furniture_detailprops001a
decals/decalborealispuddlemask001a
models/props_silo/wall_console1b
models/props_wasteland/light_spotlight01b
models/weapons/v_grenade/handle_normal
models/props_junk/woodcrates02a
plaster/plasterwall034b_normal
plaster/plasterwall034b
models/props_pipes/pipesystem01a_skin3
models/vortigaunt/vortigaunt_illum
models/props_c17/door01a_skin3_normal
models/props_c17/door01a_skin12_normal
models/props_c17/door01a_skin13
models/props_c17/door01a_skin14_normal
models/props_c17/door01a_skin16





