particle/fastsidesprites/fastsidesprite128
models/humans/male/group01/citizen_sheet
models/humans/female/group01/citizen_sheet
particle/fire_particle_4/fire_particle_4
models/weapons/v_physcannon/v_superphyscannon_sheet
models/props_c17/furniture_detailprops001a
models/props_vehicles/truck001c_02
models/props_vehicles/car001a_02
models/roller/rollermine_normal
models/combine_turrets/floor_turret/floor_turret_citizennormal
models/combine_turrets/floor_turret/floor_turret_citizen4normal
models/props_c17/oil_drum001a
models/props_c17/oil_drum001e
models/props_c17/door01a
models/combine_turrets/floor_turret/floor_turret_citizen_noalpha
models/combine_turrets/floor_turret/floor_turret_citizen4_noalpha
models/pigeon/pigeon_sheet
models/seagull/seagull
models/props_c17/door01a_skin7
models/props_c17/door01a_skin8
models/props_c17/door01a_skin10
models/roller/rollermine_sheet
models/roller/rollermine_hacked
models/roller/rollermine_splode
models/humans/male/group01/van_facemap
models/humans/male/group01/ted_facemap
models/humans/female/group01/joey_facemap
models/humans/male/group01/joe_facemap
models/humans/female/group01/kanisha_cylmap
models/humans/male/group01/eric_facemap
models/humans/female/group01/kim_facemap
models/humans/male/group01/art_facemap
models/humans/female/group01/chau_facemap
models/humans/male/group01/sandro_facemap
models/humans/male/group01/mike_facemap
models/humans/female/group01/lakeetra_facemap
models/humans/male/group01/vance_facemap
models/combine_helicopter/combine_helicopter01_normal
models/combine_helicopter/combine_helicopter01
particle/fire_particle_4/fire_particle_4
models/weapons/w_physics/w_physics_sheet2
decals/decalborealispuddlemask001a
effects/fisheyelens_normal
tile/tileroof003b_normal
models/props_foliage/hedgesnow_128
effects/strider_pinch_normal
tile/tileroof003b
models/props_pipes/pipesystem01a_skin1
models/props_debris/concretedebris_chunk01
models/skeleton/skeleton_bleached
models/skeleton/skeleton_bloody
models/skeleton/skeleton_decomp
models/props_c17/oil_drum001d
models/props_c17/oil_drum001g
models/combine_helicopter/combine_helicopter_phong
sprites/physbeam
sprites/steam1-
engine/lightsprite
models/gibs/metalgibs/metal_gibs
models/props_c17/door01a_skin4
models/props_c17/door01a_skin5
models/props_c17/door01a_skin6
models/props_combine/combine_intmonitor001_disp_off
particle/warp1_normal
models/humans/female/group01/naomi_facemap
sprites/bloodspray
models/gibs/woodgibs/woodgibs02
models/gibs/woodgibs/woodgibs03
decals/decal_paintsplatterpink001
models/gibs/hgibs/skull1
models/gibs/hgibs/skull1_normal
models/props_junk/flare_burnt
sprites/zerogxplode
models/weapons/w_package/package_sheet
models/combine_turrets/floor_turret/floor_turret_citizen_glow
models/weapons/w_stunbaton/stunbaton
models/weapons/v_bugbait/bugbait_sheet_normal
models/weapons/v_bugbait/bugbait_inside
models/weapons/w_bugbait/wbugbait_sheet
models/weapons/v_bugbait/bugbait_inside_normal
models/weapons/v_stunbaton/w_grip01a
models/props_c17/door01a_powerlock
models/humans/female/fmouth

512 models/gman/gman_facehirez
512 models/combine_dropship/dropshipsheet
512 models/combine_dropship/combine_dropship01
512 models/combine_dropship/combine_dropship01_normal
512 models/combine_soldier/combine_elite_noalpha
512 models/gman/gman_sheet

