models/humans/female/group03/citizen_sheet
models/props_trainstation/train002b
models/props_c17/furniture_detailprops001a
effects/fisheyelens_normal
models/props_foliage/tree_deciduous_01a_branches
models/props_vehicles/van001b_01
models/props_vehicles/car001a_02
models/weapons/v_physcannon/v_superphyscannon_sheet
models/weapons/w_physics/w_physics_sheet2
models/props_c17/door01a
models/props_c17/door01a_skin3_normal
models/props_c17/door01a_skin12_normal
models/props_c17/door01a_skin13
models/props_c17/door01a_skin14_normal
models/weapons/v_bugbait/bugbait_sheet
models/props_junk/flare
decals/rollermine_crater
decals/extinguish1
decals/extinguish2
models/props_silo/industriallight01
models/props_c17/door01a_skin3
models/props_c17/door01a_skin4
models/props_c17/door01a_skin5
models/props_c17/door01a_skin6
models/props_c17/door01a_skin7
models/props_c17/door01a_skin9
models/props_c17/door01a_skin10
models/props_c17/door01a_skin11
models/props_c17/door01a_skin12
models/props_c17/door01a_skin14
models/pigeon/pigeon_sheet
models/seagull/seagull
vgui/screens/radar
models/humans/female/group03/chau_facemap
models/humans/female/group03m/chau_facemap
models/humans/female/group03m/kanisha_facemap
models/humans/female/group03m/kim_facemap
models/humans/female/group03m/naomi_facemap
models/weapons/w_package/package_sheet
models/weapons/v_bugbait/bugbait_inside_normal





