models/weapons/v_rocket_launcher/rocket launcher sheet
models/weapons/v_rocket_launcher/flat_normal
models/weapons/v_physcannon/v_superphyscannon_sheet
models/weapons/w_physics/w_physics_sheet2
models/weapons/v_crossbow/crossbow dirtmap_glow
models/weapons/v_crossbow/normal_map_composite copy
models/vortigaunt/vortigaunt_flow
decals/decalborealispuddlemask001a
models/props_combine/combine_intmonitor001_disp_alert
models/roller/rollermine_normal
models/hevsuit/hevsuit_sheet
plaster/plasterwall021a
models/props_junk/woodcrates02a
models/vortigaunt/vortigaunt_illum
models/props_c17/oil_drum001d
models/props_c17/oil_drum001e
models/props_c17/oil_drum001f
models/props_pipes/valvewheel001_skin2
decals/decaltiremark001a
models/weapons/w_rocket_launcher/w_rpg_sheet
models/weapons/v_crossbow/rebar_normal
models/weapons/v_bugbait/bugbait_sheet
decals/rollermine_crater
decals/extinguish1
decals/extinguish2
models/seagull/seagull
models/props_combine/combine_intmonitor001_disp_off
models/props_c17/door01a_skin4
models/props_c17/door01a_skin5
models/roller/rollermine_sheet
models/roller/rollermine_hacked
models/roller/rollermine_splode
vgui/screens/radar
models/weapons/stinger_missile/missile side
models/weapons/w_package/package_sheet
models/weapons/w_stunbaton/stunbaton
models/weapons/v_bugbait/bugbait_sheet_normal
models/weapons/v_bugbait/bugbait_inside
