models/humans/female/group03/citizen_sheet
models/weapons/v_rocket_launcher/rocket launcher sheet
models/weapons/v_rocket_launcher/flat_normal
models/weapons/v_physcannon/v_superphyscannon_sheet
models/weapons/w_physics/w_physics_sheet2
models/weapons/v_crossbow/crossbow dirtmap_glow
models/weapons/v_crossbow/normal_map_composite copy
decals/decalborealispuddlemask001a
models/roller/rollermine_normal
models/hevsuit/hevsuit_sheet
models/props_foliage/hedgesnow_128
models/props_silo/wall_console1c
models/props_junk/woodcrates02a
models/props_c17/oil_drum001d
models/props_c17/oil_drum001e
models/props_c17/oil_drum001f
models/props_wasteland/light_spotlight01b
props/tarpaperroof002a
models/weapons/w_rocket_launcher/w_rpg_sheet
models/weapons/v_crossbow/rebar_normal
models/weapons/v_bugbait/bugbait_sheet
decals/rollermine_crater
decals/extinguish1
decals/extinguish2
models/seagull/seagull
models/props_c17/door01a_skin4
models/roller/rollermine_sheet
models/roller/rollermine_hacked
models/roller/rollermine_splode
vgui/screens/radar
models/humans/female/group03/joey_facemap
models/humans/female/group03/kanisha_cylmap
models/humans/female/group03/kim_facemap
models/humans/female/group03/chau_facemap
models/humans/female/group03/lakeetra_facemap
models/humans/male/group03m/van_facemap
models/humans/male/group03m/ted_facemap
models/humans/female/group03m/joey_facemap
models/humans/male/group03m/joe_facemap
models/humans/female/group03m/kanisha_facemap
models/humans/female/group03m/kim_facemap
models/humans/female/group03m/chau_facemap
models/humans/male/group03m/sandro_facemap
models/humans/female/group03m/naomi_facemap
models/humans/male/group03m/mike_facemap
models/humans/female/group03m/lakeetra_facemap
models/humans/male/group03m/vance_facemap
models/humans/male/group03m/erdim_facemap
models/weapons/stinger_missile/missile side
models/weapons/w_package/package_sheet
models/props_silo/wall_console1c_ref
models/weapons/v_crossbow/rebar_glow
models/weapons/v_bugbait/bugbait_sheet_normal
models/weapons/v_bugbait/bugbait_inside
models/weapons/w_bugbait/wbugbait_sheet
models/humans/female/fmouth
