models/weapons/w_stunbaton/stunbaton
models/weapons/v_crossbow/rebar_glow
models/weapons/v_bugbait/bugbait_sheet_normal
models/weapons/v_bugbait/bugbait_inside
models/weapons/w_bugbait/wbugbait_sheet
models/humans/female/fmouth
models/weapons/w_package/package_sheet
models/humans/female/group03/joey_facemap
models/humans/female/group03/kanisha_cylmap
models/humans/female/group03/kim_facemap
models/humans/female/group03/chau_facemap
models/humans/female/group03/naomi_facemap
models/humans/female/group03/lakeetra_facemap
models/humans/female/group03m/joey_facemap
models/humans/female/group03m/kanisha_facemap
models/humans/female/group03m/kim_facemap
models/humans/female/group03m/chau_facemap
models/humans/female/group03m/naomi_facemap
models/humans/female/group03m/lakeetra_facemap
models/props_c17/awning001a
models/props_c17/awning001b
models/props_c17/awning001c
models/weapons/v_crowbar/crowbar_normal
models/weapons/v_crowbar/head_normal
models/weapons/v_crossbow/rebar_normal
models/weapons/v_bugbait/bugbait_sheet
models/props_c17/door01a_skin2
models/props_c17/door01a_skin4
models/props_c17/door01a_skin5
models/props_c17/door01a_skin6
models/props_c17/door01a_skin7
models/props_c17/door01a_skin8
models/props_c17/door01a_skin9
models/props_c17/door01a_skin10
models/props_c17/door01a_skin11
models/props_c17/door01a_skin14
models/props_c17/oil_drum001a
models/props_c17/oil_drum001d
models/props_c17/oil_drum001e
models/props_c17/oil_drum001f
models/weapons/v_physcannon/v_superphyscannon_sheet
models/weapons/w_physics/w_physics_sheet2
models/weapons/v_crossbow/crossbow dirtmap_glow
models/weapons/v_crossbow/normal_map_composite copy
models/props_junk/plasticcrate01b
models/props_junk/plasticcrate01c
models/props_junk/plasticcrate01d
models/props_junk/plasticcrate01e
models/humans/female/group03/citizen_sheet
models/antlion_guard/legsside2
models/weapons/v_rocket_launcher/rocket launcher sheet
models/weapons/v_rocket_launcher/flat_normal
models/roller/rollermine_normal
decals/decalborealispuddlemask001a

