models/props_combine/combine_intmonitor001_disp_alert
models/weapons/v_physcannon/v_superphyscannon_sheet
models/weapons/w_physics/w_physics_sheet2
models/props_c17/furniturewooddrawers001a
decals/decalborealispuddlemask001a
models/props_lab/monitor02b
models/props_lab/monitor_lost
models/props_c17/door01a_skin3_normal
models/props_c17/door01a_skin12_normal
models/props_c17/door01a_skin13
models/props_c17/door01a_skin14_normal
models/props_vents/borealis_vent001c
models/props_pipes/pipeset_metal02
models/props_interiors/radiator01b
models/props_interiors/radiator01c
sprites/steam1-
models/weapons/v_bugbait/bugbait_sheet
models/props_c17/door01a_skin2
models/props_c17/door01a_skin3
models/props_c17/door01a_skin4
models/props_c17/door01a_skin5
models/props_c17/door01a_skin6
models/props_c17/door01a_skin10
models/props_c17/door01a_skin11
models/props_c17/door01a_skin12
models/props_c17/door01a_skin14
decals/extinguish1
decals/extinguish2
models/humans/female/group03/joey_facemap
models/humans/female/group03/kanisha_cylmap
models/humans/female/group03/kim_facemap
models/humans/female/group03/naomi_facemap
models/humans/female/group03/lakeetra_facemap
models/humans/female/group03m/joey_facemap
models/humans/female/group03m/kanisha_facemap
models/humans/female/group03m/kim_facemap
models/humans/female/group03m/chau_facemap
models/humans/female/group03m/naomi_facemap
models/humans/female/group03m/lakeetra_facemap
models/humans/female/group03/citizen_sheet
256 models/charple/charple1_normal



